// Jest Snapshot v1, https://goo.gl/fbAQLP

exports[`Plane Profile Many planes rendering planes 1`] = `5438`;
