// Jest Snapshot v1, https://goo.gl/fbAQLP

exports[`Sprite Profile Single Sprite drawSprite 1`] = `723`;
