// Jest Snapshot v1, https://goo.gl/fbAQLP

exports[`Wall Profile Many Walls rendering walls 1`] = `4132`;
